Microchip MPLAB XC8 Compiler V2.40

Linker command line:

-W-3 \
  --edf=E:\Program Files\Microchip\xc8\v2.40\pic\dat\20220703182018_en.msgs \
  -cn \
  -h+dist/default/production\High-Precision-Motor-Controller-Board.production.sym \
  --cmf=dist/default/production\High-Precision-Motor-Controller-Board.production.cmf \
  -z -Q18F46K22 -oC:\Users\eder0\AppData\Local\Temp\xcAsa58.4 \
  --defsym=__MPLAB_BUILD=1 --fixupoverflow=error \
  -Mdist/default/production/High-Precision-Motor-Controller-Board.production.map \
  --md=C:\Users\eder0\AppData\Local\Temp\xcAsa58.dat -E1 -ver=XC8 Compiler \
  --acfsm=1493 -ACODE=00h-0FFFFh -ACONST=00h-0FFFFh \
  -ASMALLCONST=01000h-010FFhx240 -AMEDIUMCONST=01000h-0FFFFh \
  -ACOMRAM=01h-05Fh -AABS1=00h-0F37h -ABIGRAM=01h-0F37h \
  -ARAM=060h-0FFh,0100h-01FFhx14,0F00h-0F37h -ABANK0=060h-0FFh \
  -ABANK1=0100h-01FFh -ABANK2=0200h-02FFh -ABANK3=0300h-03FFh \
  -ABANK4=0400h-04FFh -ABANK5=0500h-05FFh -ABANK6=0600h-06FFh \
  -ABANK7=0700h-07FFh -ABANK8=0800h-08FFh -ABANK9=0900h-09FFh \
  -ABANK10=0A00h-0AFFh -ABANK11=0B00h-0BFFh -ABANK12=0C00h-0CFFh \
  -ABANK13=0D00h-0DFFh -ABANK14=0E00h-0EFFh -ABANK15=0F00h-0F37h \
  -ASFR=0F38h-0F5Fh,0F60h-0FFFh -ABIGSFR=0F38h-0FFFh \
  -ACONFIG=0300000h-030000Dh -AIDLOC=0200000h-0200007h \
  -AEEDATA=0F00000h-0F003FFh -peeprom_data=EEDATA \
  -preset_vec=00h,intcode=08h,intcodelo,powerup,init -pramtop=01000h \
  -psmallconst=SMALLCONST -pmediumconst=MEDIUMCONST -pconst=CONST \
  -AFARRAM=00h-00h \
  -prdata=COMRAM,nvrram=COMRAM,nvbit=COMRAM,rbss=COMRAM,rbit=COMRAM \
  -pfarbss=FARRAM,fardata=FARRAM,nvFARRAM=FARRAM \
  -pintsave_regs=BIGRAM,bigbss=BIGRAM,bigdata=BIGRAM -pbss=RAM \
  -pidata=CODE,irdata=CODE,ibigdata=CODE,ifardata=CODE -prparam=COMRAM \
  C:\Users\eder0\AppData\Local\Temp\xcAsa58.o \
  dist/default/production\High-Precision-Motor-Controller-Board.production.o 

Object code version is 3.11

Machine type is 18F46K22



                Name                               Link     Load   Length Selector   Space Scale
C:\Users\eder0\AppData\Local\Temp\xcAsa58.o
                idloc                            200000   200000        8        0       5
                config                           300000   300000        E        0       4
                init                                 E0       E0        4        4       0
                reset_vec                             0        0        4        0       0
dist/default/production\High-Precision-Motor-Controller-Board.production.o
                intcode                               8        8       D8        4       0
                idloc                            200000   200000        8        0       5
                config                           300000   300000        E        0       4
                temp                                 2E       2E        1        1       1
                smallconst                         1000     1000       82      800       0
                text16                             1082     1082      1F0      841       0
                text15                             1766     1766       40      841       0
                text14                             17E2     17E2       30      841       0
                text13                             1886     1886       16      841       0
                text12                             16E4     16E4       42      841       0
                text11                             1634     1634       62      841       0
                text10                             1726     1726       40      841       0
                text9                              15AC     15AC       88      841       0
                text8                              1696     1696       4E      841       0
                text7                              1272     1272      1A8      841       0
                text6                              1858     1858       18      841       0
                text5                              1870     1870       16      841       0
                text4                              17A6     17A6       3C      841       0
                text3                              14E8     14E8       C4      841       0
                text2                              189C     189C        8      841       0
                text1                              1812     1812       2C      841       0
                text0                              141A     141A       CE      841       0
                cstackCOMRAM                          1        1       1F        1       1
                bssCOMRAM                            20       20        E        1       1
                cinit                              183E     183E       1A      841       0

TOTAL           Name                               Link     Load   Length     Space
        CLASS   CODE           
                intcode                               8        8       D8         0
                init                                 E0       E0        4         0
                reset_vec                             0        0        4         0
                text16                             1082     1082      1F0         0
                text15                             1766     1766       40         0
                text14                             17E2     17E2       30         0
                text13                             1886     1886       16         0
                text12                             16E4     16E4       42         0
                text11                             1634     1634       62         0
                text10                             1726     1726       40         0
                text9                              15AC     15AC       88         0
                text8                              1696     1696       4E         0
                text7                              1272     1272      1A8         0
                text6                              1858     1858       18         0
                text5                              1870     1870       16         0
                text4                              17A6     17A6       3C         0
                text3                              14E8     14E8       C4         0
                text2                              189C     189C        8         0
                text1                              1812     1812       2C         0
                text0                              141A     141A       CE         0
                cinit                              183E     183E       1A         0

        CLASS   CONST          

        CLASS   SMALLCONST     
                smallconst                         1000     1000       82         0

        CLASS   MEDIUMCONST    

        CLASS   COMRAM         
                temp                                 2E       2E        1         1
                cstackCOMRAM                          1        1       1F         1
                bssCOMRAM                            20       20        E         1

        CLASS   ABS1           

        CLASS   BIGRAM         

        CLASS   RAM            

        CLASS   BANK0          

        CLASS   BANK1          

        CLASS   BANK2          

        CLASS   BANK3          

        CLASS   BANK4          

        CLASS   BANK5          

        CLASS   BANK6          

        CLASS   BANK7          

        CLASS   BANK8          

        CLASS   BANK9          

        CLASS   BANK10         

        CLASS   BANK11         

        CLASS   BANK12         

        CLASS   BANK13         

        CLASS   BANK14         

        CLASS   BANK15         

        CLASS   SFR            

        CLASS   BIGSFR         

        CLASS   CONFIG         
                config                           300000   300000        E         4

        CLASS   IDLOC          
                idloc                            200000   200000        8         5

        CLASS   EEDATA         

        CLASS   FARRAM         

        CLASS   HEAP           

        CLASS   STACK          



SEGMENTS        Name                           Load    Length   Top    Selector   Space  Class

                reset_vec                      000000  000004  000004         0       0  CODE    
                cstackCOMRAM                   000001  00002E  00002F         1       1  COMRAM  
                intcode                        000008  0000DC  0000E4         4       0  CODE    
                smallconst                     001000  000082  001082       800       0  SMALLCON
                text16                         001082  000822  0018A4       841       0  CODE    


UNUSED ADDRESS RANGES

        Name                Unused          Largest block    Delta
        BANK0            000060-0000FF               A0
        BANK1            000100-0001FF              100
        BANK10           000A00-000AFF              100
        BANK11           000B00-000BFF              100
        BANK12           000C00-000CFF              100
        BANK13           000D00-000DFF              100
        BANK14           000E00-000EFF              100
        BANK15           000F00-000F37               38
        BANK2            000200-0002FF              100
        BANK3            000300-0003FF              100
        BANK4            000400-0004FF              100
        BANK5            000500-0005FF              100
        BANK6            000600-0006FF              100
        BANK7            000700-0007FF              100
        BANK8            000800-0008FF              100
        BANK9            000900-0009FF              100
        BIGRAM           00002F-000F37              F09
        BIGSFR           000F38-000FFF               C8
        CODE             000004-000007                4
                         0000E4-000FFF              F1C
                         0018A4-00FFFF             E75C
        COMRAM           00002F-00005F               31
        CONST            000004-000007                4
                         0000E4-000FFF              F1C
                         0018A4-00FFFF             E75C
        EEDATA           F00000-F003FF              400
        MEDIUMCONST      0018A4-00FFFF             E75C
        RAM              000060-000F37              100
        SFR              000F38-000FFF               28
        SMALLCONST       0018A4-00FFFF              100

                                  Symbol Table

?_lm629_velocity                                 cstackCOMRAM 000007
DATABUS@byte0                                    cstackCOMRAM 000007
DATABUS@dir1                                     cstackCOMRAM 00000A
DATABUS@x                                        cstackCOMRAM 00000B
DATABUS_DIR@dir                                  cstackCOMRAM 000007
LM629_init@x                                     cstackCOMRAM 00001B
_ADCON0                                          (abs)        000FC2
_ADCON1                                          (abs)        000FC1
_ANSELA                                          (abs)        000F38
_ANSELB                                          (abs)        000F39
_ANSELC                                          (abs)        000F3A
_ANSELD                                          (abs)        000F3B
_ANSELE                                          (abs)        000F3C
_CM1CON0                                         (abs)        000F79
_CM2CON0                                         (abs)        000F78
_CTMUCONH                                        (abs)        000F45
_DATABUS                                         text16       001082
_DATABUS_DIR                                     text15       001766
_GIE                                             (abs)        007F97
_HLVDCON                                         (abs)        000F9C
_INTCON                                          (abs)        000FF2
_LM629_init                                      text7        001272
_PEIE                                            (abs)        007F96
_PIR1bits                                        (abs)        000F9E
_PORTAbits                                       (abs)        000F80
_PORTBbits                                       (abs)        000F81
_PORTCbits                                       (abs)        000F82
_PORTDbits                                       (abs)        000F83
_RCON                                            (abs)        000FD0
_SPI_ISR                                         intcode      000008
_SRCON0                                          (abs)        000F47
_SSP1BUF                                         (abs)        000FC9
_SSP1CON1                                        (abs)        000FC6
_SSP1CON1bits                                    (abs)        000FC6
_SSP1CON3                                        (abs)        000FCB
_SSP1IE                                          (abs)        007CEB
_SSP1STATbits                                    (abs)        000FC7
_SSP2CON1                                        (abs)        000F6C
_TRISA                                           (abs)        000F92
_TRISAbits                                       (abs)        000F92
_TRISB                                           (abs)        000F93
_TRISBbits                                       (abs)        000F93
_TRISC                                           (abs)        000F94
_TRISCbits                                       (abs)        000F94
_TRISD                                           (abs)        000F95
_TRISDbits                                       (abs)        000F95
_VREFCON0                                        (abs)        000F42
_VREFCON1                                        (abs)        000F41
__HRAM                                           (abs)        000000
__Habs1                                          abs1         000000
__Hbank0                                         bank0        000000
__Hbank1                                         bank1        000000
__Hbank10                                        bank10       000000
__Hbank11                                        bank11       000000
__Hbank12                                        bank12       000000
__Hbank13                                        bank13       000000
__Hbank14                                        bank14       000000
__Hbank15                                        bank15       000000
__Hbank2                                         bank2        000000
__Hbank3                                         bank3        000000
__Hbank4                                         bank4        000000
__Hbank5                                         bank5        000000
__Hbank6                                         bank6        000000
__Hbank7                                         bank7        000000
__Hbank8                                         bank8        000000
__Hbank9                                         bank9        000000
__Hbigbss                                        bigbss       000000
__Hbigdata                                       bigdata      000000
__Hbigram                                        bigram       000000
__Hbigsfr                                        bigsfr       000000
__Hbss                                           bss          000000
__HbssCOMRAM                                     bssCOMRAM    000000
__Hcinit                                         cinit        000000
__Hclrtext                                       clrtext      000000
__Hcomram                                        comram       000000
__Hconfig                                        config       30000E
__Hconst                                         const        000000
__HcstackCOMRAM                                  cstackCOMRAM 000000
__Hdata                                          data         000000
__Heeprom_data                                   eeprom_data  000000
__Hfarbss                                        farbss       000000
__Hfardata                                       fardata      000000
__Hheap                                          heap         000000
__Hibigdata                                      ibigdata     000000
__Hidata                                         idata        000000
__Hidloc                                         idloc        200008
__Hifardata                                      ifardata     000000
__Hinit                                          init         0000E4
__Hintcode                                       intcode      0000E0
__Hintcode_body                                  intcode_body 000000
__Hintcodelo                                     intcodelo    0000E0
__Hintentry                                      intentry     000000
__Hintret                                        intret       000000
__Hintsave_regs                                  intsave_regs 000000
__Hirdata                                        irdata       000000
__Hmediumconst                                   mediumconst  000000
__HnvFARRAM                                      nvFARRAM     000000
__Hnvbit                                         nvbit        000000
__Hnvrram                                        nvrram       000000
__Hparam                                         rparam       000000
__Hpowerup                                       powerup      0000E0
__Hram                                           ram          000000
__Hramtop                                        ramtop       001000
__Hrbit                                          rbit         000000
__Hrbss                                          rbss         000000
__Hrdata                                         rdata        000000
__Hreset_vec                                     reset_vec    000004
__Hrparam                                        rparam       000000
__Hsfr                                           sfr          000000
__Hsmallconst                                    smallconst   001082
__Hspace_0                                       (abs)        0018A4
__Hspace_1                                       (abs)        00002F
__Hspace_2                                       (abs)        000000
__Hspace_4                                       (abs)        60000E
__Hstack                                         stack        000000
__Hstruct                                        struct       000000
__Htemp                                          temp         00002F
__Htext                                          text         000000
__Htext0                                         text0        000000
__Htext1                                         text1        000000
__Htext10                                        text10       000000
__Htext11                                        text11       000000
__Htext12                                        text12       000000
__Htext13                                        text13       000000
__Htext14                                        text14       000000
__Htext15                                        text15       000000
__Htext16                                        text16       000000
__Htext2                                         text2        000000
__Htext3                                         text3        000000
__Htext4                                         text4        000000
__Htext5                                         text5        000000
__Htext6                                         text6        000000
__Htext7                                         text7        000000
__Htext8                                         text8        000000
__Htext9                                         text9        000000
__LRAM                                           (abs)        000001
__Labs1                                          abs1         000000
__Lbank0                                         bank0        000000
__Lbank1                                         bank1        000000
__Lbank10                                        bank10       000000
__Lbank11                                        bank11       000000
__Lbank12                                        bank12       000000
__Lbank13                                        bank13       000000
__Lbank14                                        bank14       000000
__Lbank15                                        bank15       000000
__Lbank2                                         bank2        000000
__Lbank3                                         bank3        000000
__Lbank4                                         bank4        000000
__Lbank5                                         bank5        000000
__Lbank6                                         bank6        000000
__Lbank7                                         bank7        000000
__Lbank8                                         bank8        000000
__Lbank9                                         bank9        000000
__Lbigbss                                        bigbss       000000
__Lbigdata                                       bigdata      000000
__Lbigram                                        bigram       000000
__Lbigsfr                                        bigsfr       000000
__Lbss                                           bss          000000
__LbssCOMRAM                                     bssCOMRAM    000000
__Lcinit                                         cinit        000000
__Lclrtext                                       clrtext      000000
__Lcomram                                        comram       000000
__Lconfig                                        config       000000
__Lconst                                         const        000000
__LcstackCOMRAM                                  cstackCOMRAM 000000
__Ldata                                          data         000000
__Leeprom_data                                   eeprom_data  000000
__Lfarbss                                        farbss       000000
__Lfardata                                       fardata      000000
__Lheap                                          heap         000000
__Libigdata                                      ibigdata     000000
__Lidata                                         idata        000000
__Lidloc                                         idloc        000000
__Lifardata                                      ifardata     000000
__Linit                                          init         0000E0
__Lintcode                                       intcode      000008
__Lintcode_body                                  intcode_body 000000
__Lintcodelo                                     intcodelo    0000E0
__Lintentry                                      intentry     000000
__Lintret                                        intret       000000
__Lintsave_regs                                  intsave_regs 000000
__Lirdata                                        irdata       000000
__Lmediumconst                                   mediumconst  000000
__LnvFARRAM                                      nvFARRAM     000000
__Lnvbit                                         nvbit        000000
__Lnvrram                                        nvrram       000000
__Lparam                                         rparam       000000
__Lpowerup                                       powerup      0000E0
__Lram                                           ram          000000
__Lramtop                                        ramtop       001000
__Lrbit                                          rbit         000000
__Lrbss                                          rbss         000000
__Lrdata                                         rdata        000000
__Lreset_vec                                     reset_vec    000000
__Lrparam                                        rparam       000000
__Lsfr                                           sfr          000000
__Lsmallconst                                    smallconst   001000
__Lspace_0                                       (abs)        000000
__Lspace_1                                       (abs)        000000
__Lspace_2                                       (abs)        000000
__Lspace_4                                       (abs)        000000
__Lstack                                         stack        000000
__Lstruct                                        struct       000000
__Ltemp                                          temp         00002E
__Ltext                                          text         000000
__Ltext0                                         text0        000000
__Ltext1                                         text1        000000
__Ltext10                                        text10       000000
__Ltext11                                        text11       000000
__Ltext12                                        text12       000000
__Ltext13                                        text13       000000
__Ltext14                                        text14       000000
__Ltext15                                        text15       000000
__Ltext16                                        text16       000000
__Ltext2                                         text2        000000
__Ltext3                                         text3        000000
__Ltext4                                         text4        000000
__Ltext5                                         text5        000000
__Ltext6                                         text6        000000
__Ltext7                                         text7        000000
__Ltext8                                         text8        000000
__Ltext9                                         text9        000000
__S0                                             (abs)        0018A4
__S1                                             (abs)        00002F
__S4                                             (abs)        000000
__S5                                             (abs)        000000
___heap_hi                                       (abs)        000000
___heap_lo                                       (abs)        000000
___inthi_sp                                      stack        000000
___intlo_sp                                      stack        000000
___param_bank                                    (abs)        000000
___rparam_used                                   (abs)        000001
___sp                                            stack        000000
__accesstop                                      (abs)        000060
__activetblptr                                   (abs)        000002
__end_of_DATABUS                                 text16       001272
__end_of_DATABUS_DIR                             text15       0017A6
__end_of_LM629_init                              text7        00141A
__end_of_SPI_ISR                                 intcode      0000E0
__end_of__initialization                         cinit        00184A
__end_of_all_off                                 text5        001886
__end_of_check_busy                              text13       00189C
__end_of_chip_select                             text9        001634
__end_of_filter_module                           text10       001766
__end_of_lm629_velocity                          text4        0017E2
__end_of_main                                    text0        0014E8
__end_of_motor_off                               text6        001870
__end_of_read_status                             text14       001812
__end_of_set_absolute_acceleration               text8        0016E4
__end_of_set_absolute_velocity                   text3        0015AC
__end_of_spi_data                                text2        0018A4
__end_of_spi_slave_init                          text1        00183E
__end_of_write_command                           text12       001726
__end_of_write_data                              text11       001696
__end_oflm629_velocity@lookup_table              smallconst   001081
__initialization                                 cinit        00183E
__mediumconst                                    mediumconst  000000
__pbssCOMRAM                                     bssCOMRAM    000020
__pcinit                                         cinit        00183E
__pcstackCOMRAM                                  cstackCOMRAM 000001
__pintcode                                       intcode      000008
__psmallconst                                    smallconst   001000
__ptext0                                         text0        00141A
__ptext1                                         text1        001812
__ptext10                                        text10       001726
__ptext11                                        text11       001634
__ptext12                                        text12       0016E4
__ptext13                                        text13       001886
__ptext14                                        text14       0017E2
__ptext15                                        text15       001766
__ptext16                                        text16       001082
__ptext2                                         text2        00189C
__ptext3                                         text3        0014E8
__ptext4                                         text4        0017A6
__ptext5                                         text5        001870
__ptext6                                         text6        001858
__ptext7                                         text7        001272
__ptext8                                         text8        001696
__ptext9                                         text9        0015AC
__ramtop                                         ramtop       001000
__smallconst                                     smallconst   001000
_all_off                                         text5        001870
_check_busy                                      text13       001886
_chip_select                                     text9        0015AC
_classic_ctrl                                    bssCOMRAM    000020
_filter_module                                   text10       001726
_lm629_velocity                                  text4        0017A6
_main                                            text0        00141A
_motor_off                                       text6        001858
_read_status                                     text14       0017E2
_recording_on                                    bssCOMRAM    000026
_set_absolute_acceleration                       text8        001696
_set_absolute_velocity                           text3        0014E8
_signal_distribution_packet                      bssCOMRAM    000028
_spi_data                                        text2        00189C
_spi_read_data                                   bssCOMRAM    000027
_spi_slave_init                                  text1        001812
_spi_str_interrupt                               bssCOMRAM    000024
_write_command                                   text12       0016E4
_write_data                                      text11       001634
btemp                                            temp         00002E
check_busy@x                                     cstackCOMRAM 00000D
chip_select@chip                                 cstackCOMRAM 000007
end_of_initialization                            cinit        00184A
int$flags                                        temp         00002E
intlevel0                                        text         000000
intlevel1                                        text         000000
intlevel2                                        text         000000
intlevel3                                        text         000000
isa$std                                          (abs)        000001
isa$xinst                                        (abs)        000000
lm629_velocity@analog_value                      cstackCOMRAM 00000F
lm629_velocity@lookup_table                      smallconst   001001
lm629_velocity@velocity                          cstackCOMRAM 00000B
main@dummy_data                                  cstackCOMRAM 00001F
read_status@status                               cstackCOMRAM 00000C
set_absolute_acceleration@acceleration_value     cstackCOMRAM 000010
set_absolute_acceleration@high_word_LSB          cstackCOMRAM 000017
set_absolute_acceleration@high_word_MSB          cstackCOMRAM 000016
set_absolute_acceleration@low_word_LSB           cstackCOMRAM 000019
set_absolute_acceleration@low_word_MSB           cstackCOMRAM 000018
set_absolute_acceleration@motor                  cstackCOMRAM 000014
set_absolute_acceleration@trajectory_control_LSB cstackCOMRAM 000015
set_absolute_velocity@analog_in                  cstackCOMRAM 000010
set_absolute_velocity@high_word_LSB              cstackCOMRAM 000014
set_absolute_velocity@high_word_MSB              cstackCOMRAM 000013
set_absolute_velocity@low_word_LSB               cstackCOMRAM 000016
set_absolute_velocity@low_word_MSB               cstackCOMRAM 000015
set_absolute_velocity@motor                      cstackCOMRAM 000017
set_absolute_velocity@trajectory_control_MSB     cstackCOMRAM 000018
set_absolute_velocity@velocity_value             cstackCOMRAM 000019
spi_data@tx_data                                 cstackCOMRAM 000007
stackhi                                          (abs)        000000
stacklo                                          (abs)        000000
start                                            init         0000E0
start_initialization                             cinit        00183E
ttemp5                                           temp         00002F
ttemp6                                           temp         000032
ttemp7                                           temp         000036
write_command@command                            cstackCOMRAM 00000E
write_data@LSB                                   cstackCOMRAM 00000E
write_data@MSB                                   cstackCOMRAM 00000F
wtemp8                                           temp         00002F


MODULE INFORMATION

Module		Function		Class		Link	Load	Size
lm629.c
		_DATABUS       		CODE           	1082	0000	496
		_DATABUS_DIR   		CODE           	1766	0000	64
		_filter_module 		CODE           	1726	0000	64
		_write_data    		CODE           	1634	0000	98
		_lm629_velocity		CODE           	17A6	0000	60
		_write_command 		CODE           	16E4	0000	66
		_set_absolute_acceleration		CODE           	1696	0000	78
		_all_off       		CODE           	1870	0000	22
		_check_busy    		CODE           	1886	0000	22
		_motor_off     		CODE           	1858	0000	24
		_LM629_init    		CODE           	1272	0000	424
		_set_absolute_velocity		CODE           	14E8	0000	196
		_chip_select   		CODE           	15AC	0000	136
		_read_status   		CODE           	17E2	0000	48

lm629.c estimated size: 1798

spi.c
		_spi_slave_init		CODE           	1812	0000	44
		_SPI_ISR       		CODE           	0008	0000	216
		_spi_data      		CODE           	189C	0000	8

spi.c estimated size: 268

shared
		lm629_velocity@lookup_table		SMALLCONST     	1001	0000	128
		__initialization		CODE           	183E	0000	12

shared estimated size: 140

main.c
		_main          		CODE           	141A	0000	206

main.c estimated size: 206

